  console.error
    Erro ao enviar email de conclusão: TypeError: this.mailService.sendAppointmentCompleted is not a function
        at AppointmentsService.updateAppointmentStatus (C:\Users\kenne\Desktop\Workspaces\HobbyBichos\api\src\modules\appointments\appointments.service.ts:380:32)
        at Object.<anonymous> (C:\Users\kenne\Desktop\Workspaces\HobbyBichos\api\src\modules\appointments\appointments.service.spec.ts:249:22)

    [0m [90m 388 |[39m         )[33m;[39m
     [90m 389 |[39m       } [36mcatch[39m (error) {
    [31m[1m>[22m[39m[90m 390 |[39m         console[33m.[39merror([32m'Erro ao enviar email de conclusão:'[39m[33m,[39m error)[33m;[39m
     [90m     |[39m                 [31m[1m^[22m[39m
     [90m 391 |[39m       }
     [90m 392 |[39m     }
     [90m 393 |[39m[0m

      at AppointmentsService.updateAppointmentStatus (src/modules/appointments/appointments.service.ts:390:17)
      at Object.<anonymous> (src/modules/appointments/appointments.service.spec.ts:249:22)

FAIL src/modules/appointments/appointments.service.spec.ts
  AppointmentsService
    √ should be defined (9 ms)
    create
      × deve criar agendamento com sucesso (2 ms)
      √ deve lançar erro se serviço não encontrado (2 ms)
      √ deve lançar erro se loja fechada (1 ms)
      √ deve lançar erro se não houver expediente (1 ms)
      √ deve lançar erro se horário fora do expediente (1 ms)
      × deve lançar erro se houver conflito de agendamento (12 ms)
    findAllByStore
      √ deve listar agendamentos do cliente (3 ms)
      √ deve listar agendamentos da loja para gestores (2 ms)
      √ deve filtrar por data corretamente (1 ms)
    findOne
      √ deve retornar agendamento se for do próprio cliente (1 ms)
      √ deve lançar NotFound se cliente tentar ver agendamento de outro (1 ms)
      √ deve retornar agendamento se gestor for da mesma loja (1 ms)
      √ deve lançar NotFound se agendamento não existir (1 ms)
    getEmployeeDashboard
      √ deve retornar dados do dashboard com sucesso (1 ms)
      √ deve lançar erro para papel não autorizado (1 ms)
      √ deve lançar erro se employee não tiver loja (1 ms)
    updateAppointmentStatus
      √ deve atualizar status com sucesso (27 ms)
      √ deve enviar email quando status for COMPLETED (15 ms)
      √ deve negar atualização de agendamento de outra loja (1 ms)
      √ deve negar acesso para CLIENT (2 ms)

  ● AppointmentsService › create › deve criar agendamento com sucesso

    ConflictException: Horário fora do expediente da loja.

    [0m [90m 129 |[39m
     [90m 130 |[39m     [36mif[39m (startsAt [33m<[39m openDate [33m||[39m endsAt [33m>[39m closeDate) {
    [31m[1m>[22m[39m[90m 131 |[39m       [36mthrow[39m [36mnew[39m [33mConflictException[39m([32m'Horário fora do expediente da loja.'[39m)[33m;[39m
     [90m     |[39m             [31m[1m^[22m[39m
     [90m 132 |[39m     }
     [90m 133 |[39m   }
     [90m 134 |[39m[0m

      at AppointmentsService.validateBusinessHours (src/modules/appointments/appointments.service.ts:131:13)
      at AppointmentsService.create (src/modules/appointments/appointments.service.ts:50:5)
      at Object.<anonymous> (src/modules/appointments/appointments.service.spec.ts:82:22)

  ● AppointmentsService › create › deve lançar erro se houver conflito de agendamento

    expect(received).rejects.toThrow(expected)

    Expected substring: "Horário já agendado"
    Received message:   "Horário fora do expediente da loja."

        [0m [90m 129 |[39m
         [90m 130 |[39m     [36mif[39m (startsAt [33m<[39m openDate [33m||[39m endsAt [33m>[39m closeDate) {
        [31m[1m>[22m[39m[90m 131 |[39m       [36mthrow[39m [36mnew[39m [33mConflictException[39m([32m'Horário fora do expediente da loja.'[39m)[33m;[39m
         [90m     |[39m             [31m[1m^[22m[39m
         [90m 132 |[39m     }
         [90m 133 |[39m   }
         [90m 134 |[39m[0m

      at AppointmentsService.validateBusinessHours (src/modules/appointments/appointments.service.ts:131:13)
      at AppointmentsService.create (src/modules/appointments/appointments.service.ts:50:5)
      at Object.<anonymous> (src/modules/appointments/appointments.service.spec.ts:126:7)
      at Object.toThrow (node_modules/expect/build/index.js:218:22)
      at Object.<anonymous> (src/modules/appointments/appointments.service.spec.ts:126:61)

Test Suites: 1 failed, 1 total
Tests:       2 failed, 19 passed, 21 total
Snapshots:   0 total
Time:        1.57 s, estimated 2 s
Ran all test suites matching /src\\modules\\appointments\\appointments.service.spec.ts/i.
